src/contexts/ThemeContext.tsx(27,14): error TS2345: Argument of type '(prev: any) => "dark" | "light"' is not assignable to parameter of type 'ThemeMode'.
